rga_api version 1.10.1_[1]
{
  "schema": "p2.multimodal-fusion.v2",
  "result": "PASS",
  "error": "",
  "application_commit": "b7887575f103",
  "elapsed_seconds": 60.100,
  "visible_device": "/dev/video45",
  "thermal_device": "/dev/video0",
  "model_sha256_expected": "7c6b801de602b8aaa72269fab8daab21810418a4b01c8e8995313916e278fe71",
  "rknn_api_version": "2.0.0b0 (35a6907d79@2024-03-24T10:31:14)",
  "rknn_driver_version": "0.9.6",
  "calibration": {"id": "gui-19700101-215303", "nominal_distance_mm": 1000.000, "fit_max_error_px": 146.693, "provisional": true},
  "fusion_config": {"hot_absolute_c": 30.000, "hot_delta_c": 4.000, "hot_min_pixels": 2, "mapping_margin_px": 240.000, "minimum_overlap": 0.100, "confirm_frames": 2, "release_frames": 3, "cooldown_ms": 1000},
  "visible_capture": {"dqbuf": 1796, "sequence_gaps": 0, "bad_bytes_used": 0, "missing_timestamp": 0, "exported_dma_buffers": 6},
  "thermal_capture": {"valid_pairs": 465, "sequence_gaps": 0, "invalid_payloads": 0, "timestamp_mismatches": 0},
  "visible_queue": {"pushed": 1795, "popped": 1795, "drop_oldest": 0, "pending": 0},
  "fusion_queue": {"pushed": 464, "popped": 464, "drop_oldest": 0, "pending": 0},
  "streaming": {"enabled": true, "rtsp_url": "rtsp://127.0.0.1:8554/p2", "output_width": 1080, "output_height": 1920, "bitrate_bps": 6000000, "encoder_queue_pushed": 1795, "encoder_queue_popped": 1795, "encoder_queue_drop_oldest": 0, "encoded_frames": 1795, "encoded_bytes": 44993942, "key_frames": 30, "osd_frames": 1795, "source_dma_buf_imports": 6, "average_rga_ms": 10.728, "average_mpp_ms": 5.175, "published_packets": 1795, "publish_failures": 0},
  "temporal_join": {"visible_received": 1795, "thermal_received": 464, "matched": 464, "unmatched_skew": 0, "emitted_pairs": 464, "missing_visible_results": 0, "missing_thermal_results": 0},
  "processing": {"inference_frames": 1795, "inference_failures": 0, "person_detections": 3590, "thermal_frames": 464, "math_failures": 0, "filter_failures": 0, "repaired_nonfinite_temperature_pixels": 0, "repaired_nonfinite_image_pixels": 0, "filter_accepted_frames": 464},
  "fusion": {"processed_pairs": 464, "failures": 0, "evidence_frames": 441, "active_frames": 454, "activations": 2, "deactivations": 1, "people": 928, "hot_regions": 442, "matches": 542},
  "latency": {"absolute_skew_p50_ms": 8.305, "absolute_skew_p95_ms": 15.599, "absolute_skew_max_ms": 16.630, "inference_total_p50_ms": 29.382, "inference_total_p95_ms": 40.603, "fusion_p50_ms": 0.153, "fusion_p95_ms": 0.514}
}
