rga_api version 1.10.1_[1]
P2.4 async person detector: visible=/dev/video45 queue_capacity=1 rotation=270cw source_memory=dmabuf rknn_input=io-mem transport=V4L2_MMAP_buffer_lease full_frame_cpu_copies=0
{
  "application_commit": "19fdb295f857",
  "visible_device": "/dev/video45",
  "model_path": "/usr/share/p2/models/yolov5s-640-640.rknn",
  "model_sha256_expected": "7c6b801de602b8aaa72269fab8daab21810418a4b01c8e8995313916e278fe71",
  "rotation": "270cw",
  "rknn_api_version": "2.0.0b0 (35a6907d79@2024-03-24T10:31:14)",
  "rknn_driver_version": "0.9.6",
  "transport": {"capture_memory": "V4L2_MMAP", "handoff": "buffer_lease", "rga_source": "V4L2_EXPBUF_importbuffer_fd", "application_full_frame_cpu_copies": 0, "dmabuf_source": true, "rknn_input": "io-mem", "end_to_end_zero_copy": false},
  "capture": {"width": 3840, "height": 2160, "bytes_per_line": 3840, "allocated_buffers": 6, "lease_high_watermark": 2, "exported_dma_buffers": 6, "dqbuf_count": 1796, "sequence_gaps": 0, "bad_bytes_used": 0, "missing_monotonic_timestamp": 0},
  "queue": {"capacity": 1, "pushed": 1795, "popped": 1795, "controlled_drop_oldest": 0, "shutdown_drops": 0, "closed_rejections": 1, "high_watermark": 1, "pending": 0},
  "processed_sequence_gaps": {"events": 0, "frames": 0},
  "source_equivalence": {"requested": 0, "checks": 0, "mismatches": 0},
  "run_elapsed_seconds": 60.048,
  "capture_fps": 29.909,
  "inference_frames": 1795,
  "warmup_frames": 10,
  "measured_frames": 1785,
  "measured_elapsed_seconds": 59.476,
  "measured_fps": 30.012,
  "frames_with_person": 0,
  "person_detections": 0,
  "rga_dmabuf_import_count": 6,
  "rknn_io_mem": {"enabled": true, "width_stride": 640, "size_with_stride": 1228800, "non_cacheable": true},
  "latency": {
    "queue_age": {"p50_ms": 0.125, "p95_ms": 10.020, "p99_ms": 15.855, "max_ms": 25.584},
    "rga_dmabuf_import": {"p50_ms": 0.002, "p95_ms": 0.003, "p99_ms": 0.004, "max_ms": 0.036},
    "rga": {"p50_ms": 6.772, "p95_ms": 7.008, "p99_ms": 7.122, "max_ms": 7.466},
    "rknn": {"p50_ms": 21.654, "p95_ms": 26.581, "p99_ms": 27.296, "max_ms": 44.460},
    "postprocess": {"p50_ms": 0.342, "p95_ms": 2.591, "p99_ms": 3.800, "max_ms": 3.868},
    "inference_total": {"p50_ms": 29.069, "p95_ms": 35.129, "p99_ms": 35.764, "max_ms": 51.813},
    "capture_to_inference_end": {"p50_ms": 30.302, "p95_ms": 41.689, "p99_ms": 46.788, "max_ms": 56.538}
  }
}
